2024-10-26 08:54:44.468 | INFO     | core.custom_logger:emit:19 - Watching for file changes with StatReloader
2024-10-26 08:55:55.212 | INFO     | core.custom_logger:emit:19 - /core/registration_service/forms.py changed, reloading.
2024-10-26 08:55:56.297 | INFO     | core.custom_logger:emit:19 - Watching for file changes with StatReloader
2024-10-26 08:56:16.278 | WARNING  | core.custom_logger:emit:19 - Not Found: /favicon.ico
2024-10-26 08:57:39.778 | WARNING  | core.custom_logger:emit:19 - Not Found: /favicon.ico
2024-10-26 09:00:23.910 | INFO     | core.custom_logger:emit:19 - Watching for file changes with StatReloader
2024-10-26 09:01:58.202 | INFO     | core.custom_logger:emit:19 - Watching for file changes with StatReloader
2024-10-26 09:02:16.883 | ERROR    | core.custom_logger:emit:19 - Internal Server Error: /booking/1/1
2024-10-26 09:02:19.743 | WARNING  | core.custom_logger:emit:19 - Not Found: /favicon.ico
2024-10-26 09:06:33.082 | ERROR    | core.custom_logger:emit:19 - Internal Server Error: /booking/1/1
2024-10-26 09:06:34.750 | WARNING  | core.custom_logger:emit:19 - Not Found: /booking/img/booking/campus_select-arw.svg
2024-10-26 09:06:50.920 | WARNING  | core.custom_logger:emit:19 - Not Found: /booking/img/booking/campus_select-arw.svg
2024-10-26 09:07:13.604 | WARNING  | core.custom_logger:emit:19 - Not Found: /favicon.ico
2024-10-26 09:07:36.467 | WARNING  | core.custom_logger:emit:19 - Not Found: /booking/img/booking/campus_select-arw.svg
2024-10-26 09:07:51.168 | ERROR    | core.custom_logger:emit:19 - Internal Server Error: /booking/2/10
2024-10-26 09:12:13.993 | INFO     | core.custom_logger:emit:19 - Watching for file changes with StatReloader
2024-10-26 09:12:15.169 | WARNING  | core.custom_logger:emit:19 - Not Found: /favicon.ico
2024-10-26 09:12:22.275 | WARNING  | core.custom_logger:emit:19 - Not Found: /booking/img/booking/campus_select-arw.svg
2024-10-26 09:13:32.799 | ERROR    | core.custom_logger:emit:19 - Internal Server Error: /booking/2/10
2024-10-26 09:13:37.870 | WARNING  | core.custom_logger:emit:19 - Not Found: /favicon.ico
2024-10-26 09:13:50.404 | WARNING  | core.custom_logger:emit:19 - Not Found: /favicon.ico
2024-10-26 09:13:57.235 | WARNING  | core.custom_logger:emit:19 - Not Found: /favicon.ico
2024-10-26 09:13:59.176 | WARNING  | core.custom_logger:emit:19 - Not Found: /favicon.ico
2024-10-26 09:41:09.670 | INFO     | core.custom_logger:emit:19 - Watching for file changes with StatReloader
2024-10-26 09:41:13.457 | WARNING  | core.custom_logger:emit:19 - Not Found: /booking/img/booking/campus_select-arw.svg
2024-10-26 09:41:13.641 | WARNING  | core.custom_logger:emit:19 - Not Found: /favicon.ico
2024-10-26 09:41:43.518 | WARNING  | core.custom_logger:emit:19 - Not Found: /favicon.ico
2024-10-26 09:41:56.172 | ERROR    | core.custom_logger:emit:19 - Internal Server Error: /booking/1/1
2024-10-26 10:02:22.378 | INFO     | core.custom_logger:emit:19 - /core/booking/models.py changed, reloading.
2024-10-26 10:02:23.991 | INFO     | core.custom_logger:emit:19 - Watching for file changes with StatReloader
2024-10-26 10:04:22.765 | INFO     | core.custom_logger:emit:19 - /core/registration_service/forms.py changed, reloading.
2024-10-26 10:04:23.956 | INFO     | core.custom_logger:emit:19 - Watching for file changes with StatReloader
2024-10-26 10:05:15.355 | WARNING  | core.custom_logger:emit:19 - Not Found: /booking/img/booking/campus_select-arw.svg
2024-10-26 10:08:32.067 | INFO     | core.custom_logger:emit:19 - Watching for file changes with StatReloader
2024-10-26 10:08:59.931 | WARNING  | core.custom_logger:emit:19 - Not Found: /booking/img/booking/campus_select-arw.svg
2024-10-26 10:10:06.317 | INFO     | core.custom_logger:emit:19 - /core/booking/models.py changed, reloading.
2024-10-26 10:10:07.465 | INFO     | core.custom_logger:emit:19 - Watching for file changes with StatReloader
2024-10-26 10:10:43.953 | INFO     | core.custom_logger:emit:19 - /core/booking/forms.py changed, reloading.
2024-10-26 10:10:45.127 | INFO     | core.custom_logger:emit:19 - Watching for file changes with StatReloader
2024-10-26 10:11:20.466 | WARNING  | core.custom_logger:emit:19 - Not Found: /favicon.ico
2024-10-26 10:11:51.648 | ERROR    | core.custom_logger:emit:19 - Internal Server Error: /booking/1/2
2024-10-26 10:23:50.343 | WARNING  | core.custom_logger:emit:19 - Not Found: /favicon.ico
2024-10-26 10:26:32.252 | WARNING  | core.custom_logger:emit:19 - Not Found: /booking/img/booking/campus_select-arw.svg
